Archive member included because of file (symbol)

e:/iti training/04_iti/imt_sdk_win_64/winavr/bin/../lib/gcc/avr/4.3.3/avr5\libgcc.a(_divmodhi4.o)
                              ./HAL/Servo/servo.o (__divmodhi4)
e:/iti training/04_iti/imt_sdk_win_64/winavr/bin/../lib/gcc/avr/4.3.3/avr5\libgcc.a(_exit.o)
                              e:/iti training/04_iti/imt_sdk_win_64/winavr/bin/../lib/gcc/avr/4.3.3/../../../../avr/lib/avr5/crtm32.o (exit)
e:/iti training/04_iti/imt_sdk_win_64/winavr/bin/../lib/gcc/avr/4.3.3/avr5\libgcc.a(_copy_data.o)
                              ./HAL/keypad/keypad.o (__do_copy_data)
e:/iti training/04_iti/imt_sdk_win_64/winavr/bin/../lib/gcc/avr/4.3.3/avr5\libgcc.a(_clear_bss.o)
                              ./MCAL/Timer1/timer1.o (__do_clear_bss)
e:/iti training/04_iti/imt_sdk_win_64/winavr/bin/../lib/gcc/avr/4.3.3/avr5\libgcc.a(_fixunssfsi.o)
                              ./HAL/stepper/stepper.o (__fixunssfsi)
e:/iti training/04_iti/imt_sdk_win_64/winavr/bin/../lib/gcc/avr/4.3.3/avr5\libgcc.a(_addsub_sf.o)
                              e:/iti training/04_iti/imt_sdk_win_64/winavr/bin/../lib/gcc/avr/4.3.3/avr5\libgcc.a(_fixunssfsi.o) (__subsf3)
e:/iti training/04_iti/imt_sdk_win_64/winavr/bin/../lib/gcc/avr/4.3.3/avr5\libgcc.a(_mul_sf.o)
                              ./HAL/stepper/stepper.o (__mulsf3)
e:/iti training/04_iti/imt_sdk_win_64/winavr/bin/../lib/gcc/avr/4.3.3/avr5\libgcc.a(_gt_sf.o)
                              ./HAL/stepper/stepper.o (__gtsf2)
e:/iti training/04_iti/imt_sdk_win_64/winavr/bin/../lib/gcc/avr/4.3.3/avr5\libgcc.a(_ge_sf.o)
                              e:/iti training/04_iti/imt_sdk_win_64/winavr/bin/../lib/gcc/avr/4.3.3/avr5\libgcc.a(_fixunssfsi.o) (__gesf2)
e:/iti training/04_iti/imt_sdk_win_64/winavr/bin/../lib/gcc/avr/4.3.3/avr5\libgcc.a(_lt_sf.o)
                              ./HAL/stepper/stepper.o (__ltsf2)
e:/iti training/04_iti/imt_sdk_win_64/winavr/bin/../lib/gcc/avr/4.3.3/avr5\libgcc.a(_sf_to_si.o)
                              e:/iti training/04_iti/imt_sdk_win_64/winavr/bin/../lib/gcc/avr/4.3.3/avr5\libgcc.a(_fixunssfsi.o) (__fixsfsi)
e:/iti training/04_iti/imt_sdk_win_64/winavr/bin/../lib/gcc/avr/4.3.3/avr5\libgcc.a(_thenan_sf.o)
                              e:/iti training/04_iti/imt_sdk_win_64/winavr/bin/../lib/gcc/avr/4.3.3/avr5\libgcc.a(_addsub_sf.o) (__thenan_sf)
e:/iti training/04_iti/imt_sdk_win_64/winavr/bin/../lib/gcc/avr/4.3.3/avr5\libgcc.a(_udivmodhi4.o)
                              e:/iti training/04_iti/imt_sdk_win_64/winavr/bin/../lib/gcc/avr/4.3.3/avr5\libgcc.a(_divmodhi4.o) (__udivmodhi4)
e:/iti training/04_iti/imt_sdk_win_64/winavr/bin/../lib/gcc/avr/4.3.3/avr5\libgcc.a(_prologue.o)
                              e:/iti training/04_iti/imt_sdk_win_64/winavr/bin/../lib/gcc/avr/4.3.3/avr5\libgcc.a(_addsub_sf.o) (__prologue_saves__)
e:/iti training/04_iti/imt_sdk_win_64/winavr/bin/../lib/gcc/avr/4.3.3/avr5\libgcc.a(_epilogue.o)
                              e:/iti training/04_iti/imt_sdk_win_64/winavr/bin/../lib/gcc/avr/4.3.3/avr5\libgcc.a(_addsub_sf.o) (__epilogue_restores__)
e:/iti training/04_iti/imt_sdk_win_64/winavr/bin/../lib/gcc/avr/4.3.3/avr5\libgcc.a(_pack_sf.o)
                              e:/iti training/04_iti/imt_sdk_win_64/winavr/bin/../lib/gcc/avr/4.3.3/avr5\libgcc.a(_addsub_sf.o) (__pack_f)
e:/iti training/04_iti/imt_sdk_win_64/winavr/bin/../lib/gcc/avr/4.3.3/avr5\libgcc.a(_unpack_sf.o)
                              e:/iti training/04_iti/imt_sdk_win_64/winavr/bin/../lib/gcc/avr/4.3.3/avr5\libgcc.a(_addsub_sf.o) (__unpack_f)
e:/iti training/04_iti/imt_sdk_win_64/winavr/bin/../lib/gcc/avr/4.3.3/avr5\libgcc.a(_fpcmp_parts_sf.o)
                              e:/iti training/04_iti/imt_sdk_win_64/winavr/bin/../lib/gcc/avr/4.3.3/avr5\libgcc.a(_gt_sf.o) (__fpcmp_parts_f)
e:/iti training/04_iti/imt_sdk_win_64/winavr/bin/../lib/gcc/avr/4.3.3/../../../../avr/lib/avr5\libc.a(memcpy.o)
                              ./FreeRTOSFiles/queue.o (memcpy)
e:/iti training/04_iti/imt_sdk_win_64/winavr/bin/../lib/gcc/avr/4.3.3/../../../../avr/lib/avr5\libc.a(memset.o)
                              ./FreeRTOSFiles/tasks.o (memset)
e:/iti training/04_iti/imt_sdk_win_64/winavr/bin/../lib/gcc/avr/4.3.3/../../../../avr/lib/avr5\libc.a(strncpy.o)
                              ./FreeRTOSFiles/tasks.o (strncpy)
e:/iti training/04_iti/imt_sdk_win_64/winavr/bin/../lib/gcc/avr/4.3.3/../../../../avr/lib/avr5\libc.a(sprintf.o)
                              ./HAL/LCD/lcd.o (sprintf)
e:/iti training/04_iti/imt_sdk_win_64/winavr/bin/../lib/gcc/avr/4.3.3/../../../../avr/lib/avr5\libc.a(vfprintf_std.o)
                              e:/iti training/04_iti/imt_sdk_win_64/winavr/bin/../lib/gcc/avr/4.3.3/../../../../avr/lib/avr5\libc.a(sprintf.o) (vfprintf)
e:/iti training/04_iti/imt_sdk_win_64/winavr/bin/../lib/gcc/avr/4.3.3/../../../../avr/lib/avr5\libc.a(strnlen_P.o)
                              e:/iti training/04_iti/imt_sdk_win_64/winavr/bin/../lib/gcc/avr/4.3.3/../../../../avr/lib/avr5\libc.a(vfprintf_std.o) (strnlen_P)
e:/iti training/04_iti/imt_sdk_win_64/winavr/bin/../lib/gcc/avr/4.3.3/../../../../avr/lib/avr5\libc.a(strnlen.o)
                              e:/iti training/04_iti/imt_sdk_win_64/winavr/bin/../lib/gcc/avr/4.3.3/../../../../avr/lib/avr5\libc.a(vfprintf_std.o) (strnlen)
e:/iti training/04_iti/imt_sdk_win_64/winavr/bin/../lib/gcc/avr/4.3.3/../../../../avr/lib/avr5\libc.a(fputc.o)
                              e:/iti training/04_iti/imt_sdk_win_64/winavr/bin/../lib/gcc/avr/4.3.3/../../../../avr/lib/avr5\libc.a(vfprintf_std.o) (fputc)
e:/iti training/04_iti/imt_sdk_win_64/winavr/bin/../lib/gcc/avr/4.3.3/../../../../avr/lib/avr5\libc.a(ultoa_invert.o)
                              e:/iti training/04_iti/imt_sdk_win_64/winavr/bin/../lib/gcc/avr/4.3.3/../../../../avr/lib/avr5\libc.a(vfprintf_std.o) (__ultoa_invert)

Memory Configuration

Name             Origin             Length             Attributes
text             0x00000000         0x00020000         xr
data             0x00800060         0x0000ffa0         rw !x
eeprom           0x00810000         0x00010000         rw !x
fuse             0x00820000         0x00000400         rw !x
lock             0x00830000         0x00000400         rw !x
signature        0x00840000         0x00000400         rw !x
*default*        0x00000000         0xffffffff

Linker script and memory map

LOAD e:/iti training/04_iti/imt_sdk_win_64/winavr/bin/../lib/gcc/avr/4.3.3/../../../../avr/lib/avr5/crtm32.o
LOAD ./MCAL/UART/UART.o
LOAD ./MCAL/Timer1/timer1.o
LOAD ./MCAL/Timer0/timer0.o
LOAD ./MCAL/GIE/GIE.o
LOAD ./MCAL/External interrupt/external_interrupt.o
LOAD ./MCAL/DIO/DIO.o
LOAD ./MCAL/ADC/adc.o
LOAD ./HAL/stepper/stepper.o
LOAD ./HAL/keypad/keypad.o
LOAD ./HAL/Servo/servo.o
LOAD ./HAL/LCD/lcd.o
LOAD ./HAL/7 segment/7_segment.o
LOAD ./FreeRTOSFiles/croutine.o
LOAD ./FreeRTOSFiles/heap_1.o
LOAD ./FreeRTOSFiles/list.o
LOAD ./FreeRTOSFiles/port.o
LOAD ./FreeRTOSFiles/queue.o
LOAD ./FreeRTOSFiles/tasks.o
LOAD ./FreeRTOSFiles/timers.o
LOAD ./APP/APP.o
LOAD e:/iti training/04_iti/imt_sdk_win_64/winavr/bin/../lib/gcc/avr/4.3.3/avr5\libgcc.a
LOAD e:/iti training/04_iti/imt_sdk_win_64/winavr/bin/../lib/gcc/avr/4.3.3/../../../../avr/lib/avr5\libc.a
LOAD e:/iti training/04_iti/imt_sdk_win_64/winavr/bin/../lib/gcc/avr/4.3.3/avr5\libgcc.a

.hash
 *(.hash)

.dynsym
 *(.dynsym)

.dynstr
 *(.dynstr)

.gnu.version
 *(.gnu.version)

.gnu.version_d
 *(.gnu.version_d)

.gnu.version_r
 *(.gnu.version_r)

.rel.init
 *(.rel.init)

.rela.init
 *(.rela.init)

.rel.text
 *(.rel.text)
 *(.rel.text.*)
 *(.rel.gnu.linkonce.t*)

.rela.text
 *(.rela.text)
 *(.rela.text.*)
 *(.rela.gnu.linkonce.t*)

.rel.fini
 *(.rel.fini)

.rela.fini
 *(.rela.fini)

.rel.rodata
 *(.rel.rodata)
 *(.rel.rodata.*)
 *(.rel.gnu.linkonce.r*)

.rela.rodata
 *(.rela.rodata)
 *(.rela.rodata.*)
 *(.rela.gnu.linkonce.r*)

.rel.data
 *(.rel.data)
 *(.rel.data.*)
 *(.rel.gnu.linkonce.d*)

.rela.data
 *(.rela.data)
 *(.rela.data.*)
 *(.rela.gnu.linkonce.d*)

.rel.ctors
 *(.rel.ctors)

.rela.ctors
 *(.rela.ctors)

.rel.dtors
 *(.rel.dtors)

.rela.dtors
 *(.rela.dtors)

.rel.got
 *(.rel.got)

.rela.got
 *(.rela.got)

.rel.bss
 *(.rel.bss)

.rela.bss
 *(.rela.bss)

.rel.plt
 *(.rel.plt)

.rela.plt
 *(.rela.plt)

.text           0x00000000     0x5e86
 *(.vectors)
 .vectors       0x00000000       0x54 e:/iti training/04_iti/imt_sdk_win_64/winavr/bin/../lib/gcc/avr/4.3.3/../../../../avr/lib/avr5/crtm32.o
                0x00000000                __vectors
                0x00000000                __vector_default
 *(.vectors)
 *(.progmem.gcc*)
 *(.progmem*)
                0x00000054                . = ALIGN (0x2)
                0x00000054                __trampolines_start = .
 *(.trampolines)
 .trampolines   0x00000054        0x0 linker stubs
 *(.trampolines*)
                0x00000054                __trampolines_end = .
 *(.jumptables)
 *(.jumptables*)
 *(.lowtext)
 *(.lowtext*)
                0x00000054                __ctors_start = .
 *(.ctors)
                0x00000054                __ctors_end = .
                0x00000054                __dtors_start = .
 *(.dtors)
                0x00000054                __dtors_end = .
 SORT(*)(.ctors)
 SORT(*)(.dtors)
 *(.init0)
 .init0         0x00000054        0x0 e:/iti training/04_iti/imt_sdk_win_64/winavr/bin/../lib/gcc/avr/4.3.3/../../../../avr/lib/avr5/crtm32.o
                0x00000054                __init
 *(.init0)
 *(.init1)
 *(.init1)
 *(.init2)
 .init2         0x00000054        0xc e:/iti training/04_iti/imt_sdk_win_64/winavr/bin/../lib/gcc/avr/4.3.3/../../../../avr/lib/avr5/crtm32.o
 *(.init2)
 *(.init3)
 *(.init3)
 *(.init4)
 .init4         0x00000060       0x16 e:/iti training/04_iti/imt_sdk_win_64/winavr/bin/../lib/gcc/avr/4.3.3/avr5\libgcc.a(_copy_data.o)
                0x00000060                __do_copy_data
 .init4         0x00000076       0x10 e:/iti training/04_iti/imt_sdk_win_64/winavr/bin/../lib/gcc/avr/4.3.3/avr5\libgcc.a(_clear_bss.o)
                0x00000076                __do_clear_bss
 *(.init4)
 *(.init5)
 *(.init5)
 *(.init6)
 *(.init6)
 *(.init7)
 *(.init7)
 *(.init8)
 *(.init8)
 *(.init9)
 .init9         0x00000086        0x8 e:/iti training/04_iti/imt_sdk_win_64/winavr/bin/../lib/gcc/avr/4.3.3/../../../../avr/lib/avr5/crtm32.o
 *(.init9)
 *(.text)
 .text          0x0000008e        0x4 e:/iti training/04_iti/imt_sdk_win_64/winavr/bin/../lib/gcc/avr/4.3.3/../../../../avr/lib/avr5/crtm32.o
                0x0000008e                __vector_12
                0x0000008e                __bad_interrupt
                0x0000008e                __vector_13
                0x0000008e                __vector_17
                0x0000008e                __vector_19
                0x0000008e                __vector_5
                0x0000008e                __vector_4
                0x0000008e                __vector_9
                0x0000008e                __vector_15
                0x0000008e                __vector_8
                0x0000008e                __vector_14
                0x0000008e                __vector_16
                0x0000008e                __vector_18
                0x0000008e                __vector_20
 .text          0x00000092        0x0 ./MCAL/UART/UART.o
 .text          0x00000092        0x0 ./MCAL/Timer1/timer1.o
 .text          0x00000092        0x0 ./MCAL/Timer0/timer0.o
 .text          0x00000092        0x0 ./MCAL/GIE/GIE.o
 .text          0x00000092        0x0 ./MCAL/External interrupt/external_interrupt.o
 .text          0x00000092        0x0 ./MCAL/DIO/DIO.o
 .text          0x00000092        0x0 ./MCAL/ADC/adc.o
 .text          0x00000092        0x0 ./HAL/stepper/stepper.o
 .text          0x00000092        0x0 ./HAL/keypad/keypad.o
 .text          0x00000092        0x0 ./HAL/Servo/servo.o
 .text          0x00000092        0x0 ./HAL/LCD/lcd.o
 .text          0x00000092        0x0 ./HAL/7 segment/7_segment.o
 .text          0x00000092        0x0 ./FreeRTOSFiles/croutine.o
 .text          0x00000092        0x0 ./FreeRTOSFiles/heap_1.o
 .text          0x00000092        0x0 ./FreeRTOSFiles/list.o
 .text          0x00000092        0x0 ./FreeRTOSFiles/port.o
 .text          0x00000092        0x0 ./FreeRTOSFiles/queue.o
 .text          0x00000092        0x0 ./FreeRTOSFiles/tasks.o
 .text          0x00000092        0x0 ./FreeRTOSFiles/timers.o
 .text          0x00000092        0x0 ./APP/APP.o
 .text          0x00000092        0x0 e:/iti training/04_iti/imt_sdk_win_64/winavr/bin/../lib/gcc/avr/4.3.3/avr5\libgcc.a(_divmodhi4.o)
 .text          0x00000092        0x0 e:/iti training/04_iti/imt_sdk_win_64/winavr/bin/../lib/gcc/avr/4.3.3/avr5\libgcc.a(_exit.o)
 .text          0x00000092        0x0 e:/iti training/04_iti/imt_sdk_win_64/winavr/bin/../lib/gcc/avr/4.3.3/avr5\libgcc.a(_copy_data.o)
 .text          0x00000092        0x0 e:/iti training/04_iti/imt_sdk_win_64/winavr/bin/../lib/gcc/avr/4.3.3/avr5\libgcc.a(_clear_bss.o)
 .text          0x00000092       0x58 e:/iti training/04_iti/imt_sdk_win_64/winavr/bin/../lib/gcc/avr/4.3.3/avr5\libgcc.a(_fixunssfsi.o)
                0x00000092                __fixunssfsi
 .text          0x000000ea      0x354 e:/iti training/04_iti/imt_sdk_win_64/winavr/bin/../lib/gcc/avr/4.3.3/avr5\libgcc.a(_addsub_sf.o)
                0x00000382                __subsf3
                0x000003e4                __addsf3
 .text          0x0000043e      0x1f4 e:/iti training/04_iti/imt_sdk_win_64/winavr/bin/../lib/gcc/avr/4.3.3/avr5\libgcc.a(_mul_sf.o)
                0x0000043e                __mulsf3
 .text          0x00000632       0x60 e:/iti training/04_iti/imt_sdk_win_64/winavr/bin/../lib/gcc/avr/4.3.3/avr5\libgcc.a(_gt_sf.o)
                0x00000632                __gtsf2
 .text          0x00000692       0x60 e:/iti training/04_iti/imt_sdk_win_64/winavr/bin/../lib/gcc/avr/4.3.3/avr5\libgcc.a(_ge_sf.o)
                0x00000692                __gesf2
 .text          0x000006f2       0x60 e:/iti training/04_iti/imt_sdk_win_64/winavr/bin/../lib/gcc/avr/4.3.3/avr5\libgcc.a(_lt_sf.o)
                0x000006f2                __ltsf2
 .text          0x00000752       0xa8 e:/iti training/04_iti/imt_sdk_win_64/winavr/bin/../lib/gcc/avr/4.3.3/avr5\libgcc.a(_sf_to_si.o)
                0x00000752                __fixsfsi
 .text          0x000007fa        0x0 e:/iti training/04_iti/imt_sdk_win_64/winavr/bin/../lib/gcc/avr/4.3.3/avr5\libgcc.a(_thenan_sf.o)
 .text          0x000007fa        0x0 e:/iti training/04_iti/imt_sdk_win_64/winavr/bin/../lib/gcc/avr/4.3.3/avr5\libgcc.a(_udivmodhi4.o)
 .text          0x000007fa        0x0 e:/iti training/04_iti/imt_sdk_win_64/winavr/bin/../lib/gcc/avr/4.3.3/avr5\libgcc.a(_prologue.o)
 .text          0x000007fa        0x0 e:/iti training/04_iti/imt_sdk_win_64/winavr/bin/../lib/gcc/avr/4.3.3/avr5\libgcc.a(_epilogue.o)
 .text          0x000007fa      0x1aa e:/iti training/04_iti/imt_sdk_win_64/winavr/bin/../lib/gcc/avr/4.3.3/avr5\libgcc.a(_pack_sf.o)
                0x000007fa                __pack_f
 .text          0x000009a4       0xf0 e:/iti training/04_iti/imt_sdk_win_64/winavr/bin/../lib/gcc/avr/4.3.3/avr5\libgcc.a(_unpack_sf.o)
                0x000009a4                __unpack_f
 .text          0x00000a94       0xb2 e:/iti training/04_iti/imt_sdk_win_64/winavr/bin/../lib/gcc/avr/4.3.3/avr5\libgcc.a(_fpcmp_parts_sf.o)
                0x00000a94                __fpcmp_parts_f
 .text          0x00000b46        0x0 e:/iti training/04_iti/imt_sdk_win_64/winavr/bin/../lib/gcc/avr/4.3.3/../../../../avr/lib/avr5\libc.a(memcpy.o)
 .text          0x00000b46        0x0 e:/iti training/04_iti/imt_sdk_win_64/winavr/bin/../lib/gcc/avr/4.3.3/../../../../avr/lib/avr5\libc.a(memset.o)
 .text          0x00000b46        0x0 e:/iti training/04_iti/imt_sdk_win_64/winavr/bin/../lib/gcc/avr/4.3.3/../../../../avr/lib/avr5\libc.a(strncpy.o)
 .text          0x00000b46        0x0 e:/iti training/04_iti/imt_sdk_win_64/winavr/bin/../lib/gcc/avr/4.3.3/../../../../avr/lib/avr5\libc.a(sprintf.o)
 .text          0x00000b46        0x0 e:/iti training/04_iti/imt_sdk_win_64/winavr/bin/../lib/gcc/avr/4.3.3/../../../../avr/lib/avr5\libc.a(vfprintf_std.o)
 .text          0x00000b46        0x0 e:/iti training/04_iti/imt_sdk_win_64/winavr/bin/../lib/gcc/avr/4.3.3/../../../../avr/lib/avr5\libc.a(strnlen_P.o)
 .text          0x00000b46        0x0 e:/iti training/04_iti/imt_sdk_win_64/winavr/bin/../lib/gcc/avr/4.3.3/../../../../avr/lib/avr5\libc.a(strnlen.o)
 .text          0x00000b46        0x0 e:/iti training/04_iti/imt_sdk_win_64/winavr/bin/../lib/gcc/avr/4.3.3/../../../../avr/lib/avr5\libc.a(fputc.o)
 .text          0x00000b46        0x0 e:/iti training/04_iti/imt_sdk_win_64/winavr/bin/../lib/gcc/avr/4.3.3/../../../../avr/lib/avr5\libc.a(ultoa_invert.o)
                0x00000b46                . = ALIGN (0x2)
 *(.text.*)
 .text.UART_VidInit
                0x00000b46       0xac ./MCAL/UART/UART.o
                0x00000b46                UART_VidInit
 .text.UART_VidSendChar
                0x00000bf2       0x34 ./MCAL/UART/UART.o
                0x00000bf2                UART_VidSendChar
 .text.UART_VidReceiveChar
                0x00000c26       0x1e ./MCAL/UART/UART.o
                0x00000c26                UART_VidReceiveChar
 .text.UART_VidSendString
                0x00000c44       0x52 ./MCAL/UART/UART.o
                0x00000c44                UART_VidSendString
 .text.TMR1_Timer1Normal_Vid
                0x00000c96       0x70 ./MCAL/Timer1/timer1.o
                0x00000c96                TMR1_Timer1Normal_Vid
 .text.TMR1_Timer1FPWM_Vid
                0x00000d06       0x98 ./MCAL/Timer1/timer1.o
                0x00000d06                TMR1_Timer1FPWM_Vid
 .text.TMR1_ICUInit_Vid
                0x00000d9e       0x2a ./MCAL/Timer1/timer1.o
                0x00000d9e                TMR1_ICUInit_Vid
 .text.ICU_VidEdgeSelect
                0x00000dc8       0x56 ./MCAL/Timer1/timer1.o
                0x00000dc8                ICU_VidEdgeSelect
 .text.ICU_u16ReadICR
                0x00000e1e       0x16 ./MCAL/Timer1/timer1.o
                0x00000e1e                ICU_u16ReadICR
 .text.ICU_VidINT_Disable
                0x00000e34       0x1c ./MCAL/Timer1/timer1.o
                0x00000e34                ICU_VidINT_Disable
 .text.ICU_VID_SetCallBack
                0x00000e50       0x24 ./MCAL/Timer1/timer1.o
                0x00000e50                ICU_VID_SetCallBack
 .text.__vector_6
                0x00000e74       0x66 ./MCAL/Timer1/timer1.o
                0x00000e74                __vector_6
 .text.TMR0_Timer0InitOVF_Vid
                0x00000eda       0x6a ./MCAL/Timer0/timer0.o
                0x00000eda                TMR0_Timer0InitOVF_Vid
 .text.TIMER0_VidTimer0FPWMInit
                0x00000f44       0x78 ./MCAL/Timer0/timer0.o
                0x00000f44                TIMER0_VidTimer0FPWMInit
 .text.TMR0_Timer0SetCallBackOVF
                0x00000fbc       0x24 ./MCAL/Timer0/timer0.o
                0x00000fbc                TMR0_Timer0SetCallBackOVF
 .text.__vector_11
                0x00000fe0       0x8c ./MCAL/Timer0/timer0.o
                0x00000fe0                __vector_11
 .text.TMR0_Timer0InitCTC_Vid
                0x0000106c       0x80 ./MCAL/Timer0/timer0.o
                0x0000106c                TMR0_Timer0InitCTC_Vid
 .text.TMR0_Timer0SetCallBackCTC
                0x000010ec       0x24 ./MCAL/Timer0/timer0.o
                0x000010ec                TMR0_Timer0SetCallBackCTC
 .text.__vector_10
                0x00001110       0x82 ./MCAL/Timer0/timer0.o
                0x00001110                __vector_10
 .text.GIE_VidEnable
                0x00001192       0x1c ./MCAL/GIE/GIE.o
                0x00001192                GIE_VidEnable
 .text.GIE_VidDisable
                0x000011ae       0x1c ./MCAL/GIE/GIE.o
                0x000011ae                GIE_VidDisable
 .text.INT_Vid_init
                0x000011ca       0x38 ./MCAL/External interrupt/external_interrupt.o
                0x000011ca                INT_Vid_init
 .text.GIE_VidInit
                0x00001202       0x1c ./MCAL/External interrupt/external_interrupt.o
                0x00001202                GIE_VidInit
 .text.EXTI_VidSetCallBack
                0x0000121e       0x36 ./MCAL/External interrupt/external_interrupt.o
                0x0000121e                EXTI_VidSetCallBack
 .text.__vector_1
                0x00001254       0x66 ./MCAL/External interrupt/external_interrupt.o
                0x00001254                __vector_1
 .text.__vector_2
                0x000012ba       0x66 ./MCAL/External interrupt/external_interrupt.o
                0x000012ba                __vector_2
 .text.__vector_3
                0x00001320       0x66 ./MCAL/External interrupt/external_interrupt.o
                0x00001320                __vector_3
 .text.DIO_VidSetPinDirection
                0x00001386      0x200 ./MCAL/DIO/DIO.o
                0x00001386                DIO_VidSetPinDirection
 .text.DIO_VidSetPinValue
                0x00001586      0x200 ./MCAL/DIO/DIO.o
                0x00001586                DIO_VidSetPinValue
 .text.DIO_VidSetPortDirection
                0x00001786       0x82 ./MCAL/DIO/DIO.o
                0x00001786                DIO_VidSetPortDirection
 .text.DIO_VidSetPortValue
                0x00001808       0x82 ./MCAL/DIO/DIO.o
                0x00001808                DIO_VidSetPortValue
 .text.DIO_8uGetPinValue
                0x0000188a       0xfe ./MCAL/DIO/DIO.o
                0x0000188a                DIO_8uGetPinValue
 .text.DIO_VidTogglePin
                0x00001988       0xfa ./MCAL/DIO/DIO.o
                0x00001988                DIO_VidTogglePin
 .text.ADC_VidInit
                0x00001a82       0x7e ./MCAL/ADC/adc.o
                0x00001a82                ADC_VidInit
 .text.ADC_u16GetDigitalValue
                0x00001b00       0x7a ./MCAL/ADC/adc.o
                0x00001b00                ADC_u16GetDigitalValue
 .text.STEP_Init_Vid
                0x00001b7a       0x5e ./HAL/stepper/stepper.o
                0x00001b7a                STEP_Init_Vid
 .text.STEP_HCW_Vid
                0x00001bd8      0x958 ./HAL/stepper/stepper.o
                0x00001bd8                STEP_HCW_Vid
 .text.KPD_VidInit
                0x00002530       0x1e ./HAL/keypad/keypad.o
                0x00002530                KPD_VidInit
 .text.KPD_U8PressedKey
                0x0000254e      0x1ce ./HAL/keypad/keypad.o
                0x0000254e                KPD_U8PressedKey
 .text.Timer1_VidTimer1FPWM
                0x0000271c       0x98 ./HAL/Servo/servo.o
                0x0000271c                Timer1_VidTimer1FPWM
 .text.Servo_VidServoAngle
                0x000027b4       0x46 ./HAL/Servo/servo.o
                0x000027b4                Servo_VidServoAngle
 .text.LCD_VidSendCMD
                0x000027fa      0x13c ./HAL/LCD/lcd.o
                0x000027fa                LCD_VidSendCMD
 .text.LCD_VidSendChar
                0x00002936      0x13c ./HAL/LCD/lcd.o
                0x00002936                LCD_VidSendChar
 .text.LCD_VidInitialize
                0x00002a72      0x3ee ./HAL/LCD/lcd.o
                0x00002a72                LCD_VidInitialize
 .text.LCD_VidSendString
                0x00002e60       0x3a ./HAL/LCD/lcd.o
                0x00002e60                LCD_VidSendString
 .text.LCD_VidSendLocation
                0x00002e9a       0x4e ./HAL/LCD/lcd.o
                0x00002e9a                LCD_VidSendLocation
 .text.LCD_VidSendCustomChar
                0x00002ee8       0x74 ./HAL/LCD/lcd.o
                0x00002ee8                LCD_VidSendCustomChar
 .text.LCD_VidSendNumber
                0x00002f5c       0x5e ./HAL/LCD/lcd.o
                0x00002f5c                LCD_VidSendNumber
 .text.LCD_VidSendNumberU16
                0x00002fba       0x6a ./HAL/LCD/lcd.o
                0x00002fba                LCD_VidSendNumberU16
 .text.LCD_CLEAR
                0x00003024      0x110 ./HAL/LCD/lcd.o
                0x00003024                LCD_CLEAR
 .text.Segment_VidWriteNumber
                0x00003134       0x36 ./HAL/7 segment/7_segment.o
                0x00003134                Segment_VidWriteNumber
 .text.xCoRoutineCreate
                0x0000316a      0x128 ./FreeRTOSFiles/croutine.o
                0x0000316a                xCoRoutineCreate
 .text.vCoRoutineAddToDelayedList
                0x00003292       0xc2 ./FreeRTOSFiles/croutine.o
                0x00003292                vCoRoutineAddToDelayedList
 .text.prvCheckPendingReadyList
                0x00003354       0x94 ./FreeRTOSFiles/croutine.o
 .text.prvCheckDelayedList
                0x000033e8      0x15c ./FreeRTOSFiles/croutine.o
 .text.vCoRoutineSchedule
                0x00003544       0xf4 ./FreeRTOSFiles/croutine.o
                0x00003544                vCoRoutineSchedule
 .text.prvInitialiseCoRoutineLists
                0x00003638       0x72 ./FreeRTOSFiles/croutine.o
 .text.xCoRoutineRemoveFromEventList
                0x000036aa       0x70 ./FreeRTOSFiles/croutine.o
                0x000036aa                xCoRoutineRemoveFromEventList
 .text.pvPortMalloc
                0x0000371a       0x8c ./FreeRTOSFiles/heap_1.o
                0x0000371a                pvPortMalloc
 .text.vPortFree
                0x000037a6       0x18 ./FreeRTOSFiles/heap_1.o
                0x000037a6                vPortFree
 .text.vPortInitialiseBlocks
                0x000037be       0x16 ./FreeRTOSFiles/heap_1.o
                0x000037be                vPortInitialiseBlocks
 .text.xPortGetFreeHeapSize
                0x000037d4       0x1e ./FreeRTOSFiles/heap_1.o
                0x000037d4                xPortGetFreeHeapSize
 .text.vListInitialise
                0x000037f2       0x54 ./FreeRTOSFiles/list.o
                0x000037f2                vListInitialise
 .text.vListInitialiseItem
                0x00003846       0x20 ./FreeRTOSFiles/list.o
                0x00003846                vListInitialiseItem
 .text.vListInsertEnd
                0x00003866       0x98 ./FreeRTOSFiles/list.o
                0x00003866                vListInsertEnd
 .text.vListInsert
                0x000038fe       0xd8 ./FreeRTOSFiles/list.o
                0x000038fe                vListInsert
 .text.vListRemove
                0x000039d6       0x92 ./FreeRTOSFiles/list.o
                0x000039d6                vListRemove
 .text.pxPortInitialiseStack
                0x00003a68      0x306 ./FreeRTOSFiles/port.o
                0x00003a68                pxPortInitialiseStack
 .text.xPortStartScheduler
                0x00003d6e       0x6a ./FreeRTOSFiles/port.o
                0x00003d6e                xPortStartScheduler
 .text.vPortEndScheduler
                0x00003dd8        0xe ./FreeRTOSFiles/port.o
                0x00003dd8                vPortEndScheduler
 .text.vPortYield
                0x00003de6       0xb2 ./FreeRTOSFiles/port.o
                0x00003de6                vPortYield
 .text.vPortYieldFromTick
                0x00003e98       0xb6 ./FreeRTOSFiles/port.o
                0x00003e98                vPortYieldFromTick
 .text.prvSetupTimerInterrupt
                0x00003f4e       0xb8 ./FreeRTOSFiles/port.o
 .text.__vector_7
                0x00004006        0x6 ./FreeRTOSFiles/port.o
                0x00004006                __vector_7
 .text.xQueueCreate
                0x0000400c      0x152 ./FreeRTOSFiles/queue.o
                0x0000400c                xQueueCreate
 .text.xQueueGenericSend
                0x0000415e      0x13c ./FreeRTOSFiles/queue.o
                0x0000415e                xQueueGenericSend
 .text.xQueueGenericSendFromISR
                0x0000429a       0x9a ./FreeRTOSFiles/queue.o
                0x0000429a                xQueueGenericSendFromISR
 .text.xQueueGenericReceive
                0x00004334      0x180 ./FreeRTOSFiles/queue.o
                0x00004334                xQueueGenericReceive
 .text.xQueueReceiveFromISR
                0x000044b4       0x9e ./FreeRTOSFiles/queue.o
                0x000044b4                xQueueReceiveFromISR
 .text.uxQueueMessagesWaiting
                0x00004552       0x30 ./FreeRTOSFiles/queue.o
                0x00004552                uxQueueMessagesWaiting
 .text.uxQueueMessagesWaitingFromISR
                0x00004582       0x26 ./FreeRTOSFiles/queue.o
                0x00004582                uxQueueMessagesWaitingFromISR
 .text.vQueueDelete
                0x000045a8       0x2c ./FreeRTOSFiles/queue.o
                0x000045a8                vQueueDelete
 .text.prvCopyDataToQueue
                0x000045d4      0x12a ./FreeRTOSFiles/queue.o
 .text.prvCopyDataFromQueue
                0x000046fe       0x90 ./FreeRTOSFiles/queue.o
 .text.prvUnlockQueue
                0x0000478e       0xa8 ./FreeRTOSFiles/queue.o
 .text.prvIsQueueEmpty
                0x00004836       0x38 ./FreeRTOSFiles/queue.o
 .text.xQueueIsQueueEmptyFromISR
                0x0000486e       0x2e ./FreeRTOSFiles/queue.o
                0x0000486e                xQueueIsQueueEmptyFromISR
 .text.prvIsQueueFull
                0x0000489c       0x3e ./FreeRTOSFiles/queue.o
 .text.xQueueIsQueueFullFromISR
                0x000048da       0x34 ./FreeRTOSFiles/queue.o
                0x000048da                xQueueIsQueueFullFromISR
 .text.xTaskGenericCreate
                0x0000490e      0x1da ./FreeRTOSFiles/tasks.o
                0x0000490e                xTaskGenericCreate
 .text.vTaskDelete
                0x00004ae8       0xc6 ./FreeRTOSFiles/tasks.o
                0x00004ae8                vTaskDelete
 .text.vTaskDelayUntil
                0x00004bae       0xe8 ./FreeRTOSFiles/tasks.o
                0x00004bae                vTaskDelayUntil
 .text.vTaskDelay
                0x00004c96       0x6a ./FreeRTOSFiles/tasks.o
                0x00004c96                vTaskDelay
 .text.vTaskStartScheduler
                0x00004d00       0x6e ./FreeRTOSFiles/tasks.o
                0x00004d00                vTaskStartScheduler
 .text.vTaskEndScheduler
                0x00004d6e       0x18 ./FreeRTOSFiles/tasks.o
                0x00004d6e                vTaskEndScheduler
 .text.vTaskSuspendAll
                0x00004d86       0x18 ./FreeRTOSFiles/tasks.o
                0x00004d86                vTaskSuspendAll
 .text.xTaskResumeAll
                0x00004d9e      0x114 ./FreeRTOSFiles/tasks.o
                0x00004d9e                xTaskResumeAll
 .text.xTaskGetTickCount
                0x00004eb2       0x2e ./FreeRTOSFiles/tasks.o
                0x00004eb2                xTaskGetTickCount
 .text.xTaskGetTickCountFromISR
                0x00004ee0       0x2a ./FreeRTOSFiles/tasks.o
                0x00004ee0                xTaskGetTickCountFromISR
 .text.uxTaskGetNumberOfTasks
                0x00004f0a       0x12 ./FreeRTOSFiles/tasks.o
                0x00004f0a                uxTaskGetNumberOfTasks
 .text.vTaskIncrementTick
                0x00004f1c      0x1aa ./FreeRTOSFiles/tasks.o
                0x00004f1c                vTaskIncrementTick
 .text.vTaskSwitchContext
                0x000050c6       0xcc ./FreeRTOSFiles/tasks.o
                0x000050c6                vTaskSwitchContext
 .text.vTaskPlaceOnEventList
                0x00005192       0x6c ./FreeRTOSFiles/tasks.o
                0x00005192                vTaskPlaceOnEventList
 .text.xTaskRemoveFromEventList
                0x000051fe       0xd0 ./FreeRTOSFiles/tasks.o
                0x000051fe                xTaskRemoveFromEventList
 .text.vTaskSetTimeOutState
                0x000052ce       0x32 ./FreeRTOSFiles/tasks.o
                0x000052ce                vTaskSetTimeOutState
 .text.xTaskCheckForTimeOut
                0x00005300       0xba ./FreeRTOSFiles/tasks.o
                0x00005300                xTaskCheckForTimeOut
 .text.vTaskMissedYield
                0x000053ba       0x14 ./FreeRTOSFiles/tasks.o
                0x000053ba                vTaskMissedYield
 .text.prvIdleTask
                0x000053ce       0x14 ./FreeRTOSFiles/tasks.o
 .text.prvInitialiseTCBVariables
                0x000053e2       0xae ./FreeRTOSFiles/tasks.o
 .text.prvInitialiseTaskLists
                0x00005490       0x7a ./FreeRTOSFiles/tasks.o
 .text.prvCheckTasksWaitingTermination
                0x0000550a       0x7c ./FreeRTOSFiles/tasks.o
 .text.prvAddCurrentTaskToDelayedList
                0x00005586       0x92 ./FreeRTOSFiles/tasks.o
 .text.prvAllocateTCBAndStack
                0x00005618       0xa0 ./FreeRTOSFiles/tasks.o
 .text.prvDeleteTCB
                0x000056b8       0x2c ./FreeRTOSFiles/tasks.o
 .text.main     0x000056e4       0xe2 ./APP/APP.o
                0x000056e4                main
 .text.task1    0x000057c6       0x20 ./APP/APP.o
                0x000057c6                task1
 .text.task2    0x000057e6       0x20 ./APP/APP.o
                0x000057e6                task2
 .text.task3    0x00005806       0x20 ./APP/APP.o
                0x00005806                task3
 .text.task4    0x00005826       0x20 ./APP/APP.o
                0x00005826                task4
 .text.libgcc   0x00005846       0x26 e:/iti training/04_iti/imt_sdk_win_64/winavr/bin/../lib/gcc/avr/4.3.3/avr5\libgcc.a(_divmodhi4.o)
                0x00005846                __divmodhi4
                0x00005846                _div
 .text.libgcc   0x0000586c        0x0 e:/iti training/04_iti/imt_sdk_win_64/winavr/bin/../lib/gcc/avr/4.3.3/avr5\libgcc.a(_exit.o)
 .text.libgcc   0x0000586c        0x0 e:/iti training/04_iti/imt_sdk_win_64/winavr/bin/../lib/gcc/avr/4.3.3/avr5\libgcc.a(_copy_data.o)
 .text.libgcc   0x0000586c        0x0 e:/iti training/04_iti/imt_sdk_win_64/winavr/bin/../lib/gcc/avr/4.3.3/avr5\libgcc.a(_clear_bss.o)
 .text.libgcc   0x0000586c       0x28 e:/iti training/04_iti/imt_sdk_win_64/winavr/bin/../lib/gcc/avr/4.3.3/avr5\libgcc.a(_udivmodhi4.o)
                0x0000586c                __udivmodhi4
 .text.libgcc   0x00005894       0x38 e:/iti training/04_iti/imt_sdk_win_64/winavr/bin/../lib/gcc/avr/4.3.3/avr5\libgcc.a(_prologue.o)
                0x00005894                __prologue_saves__
 .text.libgcc   0x000058cc       0x36 e:/iti training/04_iti/imt_sdk_win_64/winavr/bin/../lib/gcc/avr/4.3.3/avr5\libgcc.a(_epilogue.o)
                0x000058cc                __epilogue_restores__
 .text.avr-libc
                0x00005902       0x12 e:/iti training/04_iti/imt_sdk_win_64/winavr/bin/../lib/gcc/avr/4.3.3/../../../../avr/lib/avr5\libc.a(memcpy.o)
                0x00005902                memcpy
 .text.avr-libc
                0x00005914        0xe e:/iti training/04_iti/imt_sdk_win_64/winavr/bin/../lib/gcc/avr/4.3.3/../../../../avr/lib/avr5\libc.a(memset.o)
                0x00005914                memset
 .text.avr-libc
                0x00005922       0x1e e:/iti training/04_iti/imt_sdk_win_64/winavr/bin/../lib/gcc/avr/4.3.3/../../../../avr/lib/avr5\libc.a(strncpy.o)
                0x00005922                strncpy
 .text.avr-libc
                0x00005940       0x48 e:/iti training/04_iti/imt_sdk_win_64/winavr/bin/../lib/gcc/avr/4.3.3/../../../../avr/lib/avr5\libc.a(sprintf.o)
                0x00005940                sprintf
 .text.avr-libc
                0x00005988      0x3ba e:/iti training/04_iti/imt_sdk_win_64/winavr/bin/../lib/gcc/avr/4.3.3/../../../../avr/lib/avr5\libc.a(vfprintf_std.o)
                0x00005988                vfprintf
 .text.avr-libc
                0x00005d42       0x16 e:/iti training/04_iti/imt_sdk_win_64/winavr/bin/../lib/gcc/avr/4.3.3/../../../../avr/lib/avr5\libc.a(strnlen_P.o)
                0x00005d42                strnlen_P
 .text.avr-libc
                0x00005d58       0x16 e:/iti training/04_iti/imt_sdk_win_64/winavr/bin/../lib/gcc/avr/4.3.3/../../../../avr/lib/avr5\libc.a(strnlen.o)
                0x00005d58                strnlen
 .text.avr-libc
                0x00005d6e       0x58 e:/iti training/04_iti/imt_sdk_win_64/winavr/bin/../lib/gcc/avr/4.3.3/../../../../avr/lib/avr5\libc.a(fputc.o)
                0x00005d6e                fputc
 .text.avr-libc
                0x00005dc6       0xbc e:/iti training/04_iti/imt_sdk_win_64/winavr/bin/../lib/gcc/avr/4.3.3/../../../../avr/lib/avr5\libc.a(ultoa_invert.o)
                0x00005dc6                __ultoa_invert
                0x00005e82                . = ALIGN (0x2)
 *(.fini9)
 .fini9         0x00005e82        0x0 e:/iti training/04_iti/imt_sdk_win_64/winavr/bin/../lib/gcc/avr/4.3.3/avr5\libgcc.a(_exit.o)
                0x00005e82                exit
                0x00005e82                _exit
 *(.fini9)
 *(.fini8)
 *(.fini8)
 *(.fini7)
 *(.fini7)
 *(.fini6)
 *(.fini6)
 *(.fini5)
 *(.fini5)
 *(.fini4)
 *(.fini4)
 *(.fini3)
 *(.fini3)
 *(.fini2)
 *(.fini2)
 *(.fini1)
 *(.fini1)
 *(.fini0)
 .fini0         0x00005e82        0x4 e:/iti training/04_iti/imt_sdk_win_64/winavr/bin/../lib/gcc/avr/4.3.3/avr5\libgcc.a(_exit.o)
 *(.fini0)
                0x00005e86                _etext = .

.data           0x00800060       0x34 load address 0x00005e86
                0x00800060                PROVIDE (__data_start, .)
 *(.data)
 .data          0x00800060        0x0 e:/iti training/04_iti/imt_sdk_win_64/winavr/bin/../lib/gcc/avr/4.3.3/../../../../avr/lib/avr5/crtm32.o
 .data          0x00800060        0x0 ./MCAL/UART/UART.o
 .data          0x00800060        0x0 ./MCAL/Timer1/timer1.o
 .data          0x00800060        0x0 ./MCAL/Timer0/timer0.o
 .data          0x00800060        0x0 ./MCAL/GIE/GIE.o
 .data          0x00800060        0x0 ./MCAL/External interrupt/external_interrupt.o
 .data          0x00800060        0x0 ./MCAL/DIO/DIO.o
 .data          0x00800060        0x0 ./MCAL/ADC/adc.o
 .data          0x00800060        0x0 ./HAL/stepper/stepper.o
 .data          0x00800060        0x0 ./HAL/keypad/keypad.o
 .data          0x00800060        0x0 ./HAL/Servo/servo.o
 .data          0x00800060        0x3 ./HAL/LCD/lcd.o
 .data          0x00800063        0x0 ./HAL/7 segment/7_segment.o
 .data          0x00800063        0x0 ./FreeRTOSFiles/croutine.o
 .data          0x00800063        0x0 ./FreeRTOSFiles/heap_1.o
 .data          0x00800063        0x0 ./FreeRTOSFiles/list.o
 .data          0x00800063        0x0 ./FreeRTOSFiles/port.o
 .data          0x00800063        0x0 ./FreeRTOSFiles/queue.o
 .data          0x00800063        0x5 ./FreeRTOSFiles/tasks.o
 .data          0x00800068        0x0 ./FreeRTOSFiles/timers.o
 .data          0x00800068        0x0 ./APP/APP.o
 .data          0x00800068        0x0 e:/iti training/04_iti/imt_sdk_win_64/winavr/bin/../lib/gcc/avr/4.3.3/avr5\libgcc.a(_divmodhi4.o)
 .data          0x00800068        0x0 e:/iti training/04_iti/imt_sdk_win_64/winavr/bin/../lib/gcc/avr/4.3.3/avr5\libgcc.a(_exit.o)
 .data          0x00800068        0x0 e:/iti training/04_iti/imt_sdk_win_64/winavr/bin/../lib/gcc/avr/4.3.3/avr5\libgcc.a(_copy_data.o)
 .data          0x00800068        0x0 e:/iti training/04_iti/imt_sdk_win_64/winavr/bin/../lib/gcc/avr/4.3.3/avr5\libgcc.a(_clear_bss.o)
 .data          0x00800068        0x0 e:/iti training/04_iti/imt_sdk_win_64/winavr/bin/../lib/gcc/avr/4.3.3/avr5\libgcc.a(_fixunssfsi.o)
 .data          0x00800068        0x0 e:/iti training/04_iti/imt_sdk_win_64/winavr/bin/../lib/gcc/avr/4.3.3/avr5\libgcc.a(_addsub_sf.o)
 .data          0x00800068        0x0 e:/iti training/04_iti/imt_sdk_win_64/winavr/bin/../lib/gcc/avr/4.3.3/avr5\libgcc.a(_mul_sf.o)
 .data          0x00800068        0x0 e:/iti training/04_iti/imt_sdk_win_64/winavr/bin/../lib/gcc/avr/4.3.3/avr5\libgcc.a(_gt_sf.o)
 .data          0x00800068        0x0 e:/iti training/04_iti/imt_sdk_win_64/winavr/bin/../lib/gcc/avr/4.3.3/avr5\libgcc.a(_ge_sf.o)
 .data          0x00800068        0x0 e:/iti training/04_iti/imt_sdk_win_64/winavr/bin/../lib/gcc/avr/4.3.3/avr5\libgcc.a(_lt_sf.o)
 .data          0x00800068        0x0 e:/iti training/04_iti/imt_sdk_win_64/winavr/bin/../lib/gcc/avr/4.3.3/avr5\libgcc.a(_sf_to_si.o)
 .data          0x00800068        0x8 e:/iti training/04_iti/imt_sdk_win_64/winavr/bin/../lib/gcc/avr/4.3.3/avr5\libgcc.a(_thenan_sf.o)
                0x00800068                __thenan_sf
 .data          0x00800070        0x0 e:/iti training/04_iti/imt_sdk_win_64/winavr/bin/../lib/gcc/avr/4.3.3/avr5\libgcc.a(_udivmodhi4.o)
 .data          0x00800070        0x0 e:/iti training/04_iti/imt_sdk_win_64/winavr/bin/../lib/gcc/avr/4.3.3/avr5\libgcc.a(_prologue.o)
 .data          0x00800070        0x0 e:/iti training/04_iti/imt_sdk_win_64/winavr/bin/../lib/gcc/avr/4.3.3/avr5\libgcc.a(_epilogue.o)
 .data          0x00800070        0x0 e:/iti training/04_iti/imt_sdk_win_64/winavr/bin/../lib/gcc/avr/4.3.3/avr5\libgcc.a(_pack_sf.o)
 .data          0x00800070        0x0 e:/iti training/04_iti/imt_sdk_win_64/winavr/bin/../lib/gcc/avr/4.3.3/avr5\libgcc.a(_unpack_sf.o)
 .data          0x00800070        0x0 e:/iti training/04_iti/imt_sdk_win_64/winavr/bin/../lib/gcc/avr/4.3.3/avr5\libgcc.a(_fpcmp_parts_sf.o)
 .data          0x00800070        0x0 e:/iti training/04_iti/imt_sdk_win_64/winavr/bin/../lib/gcc/avr/4.3.3/../../../../avr/lib/avr5\libc.a(memcpy.o)
 .data          0x00800070        0x0 e:/iti training/04_iti/imt_sdk_win_64/winavr/bin/../lib/gcc/avr/4.3.3/../../../../avr/lib/avr5\libc.a(memset.o)
 .data          0x00800070        0x0 e:/iti training/04_iti/imt_sdk_win_64/winavr/bin/../lib/gcc/avr/4.3.3/../../../../avr/lib/avr5\libc.a(strncpy.o)
 .data          0x00800070        0x0 e:/iti training/04_iti/imt_sdk_win_64/winavr/bin/../lib/gcc/avr/4.3.3/../../../../avr/lib/avr5\libc.a(sprintf.o)
 .data          0x00800070        0x0 e:/iti training/04_iti/imt_sdk_win_64/winavr/bin/../lib/gcc/avr/4.3.3/../../../../avr/lib/avr5\libc.a(vfprintf_std.o)
 .data          0x00800070        0x0 e:/iti training/04_iti/imt_sdk_win_64/winavr/bin/../lib/gcc/avr/4.3.3/../../../../avr/lib/avr5\libc.a(strnlen_P.o)
 .data          0x00800070        0x0 e:/iti training/04_iti/imt_sdk_win_64/winavr/bin/../lib/gcc/avr/4.3.3/../../../../avr/lib/avr5\libc.a(strnlen.o)
 .data          0x00800070        0x0 e:/iti training/04_iti/imt_sdk_win_64/winavr/bin/../lib/gcc/avr/4.3.3/../../../../avr/lib/avr5\libc.a(fputc.o)
 .data          0x00800070        0x0 e:/iti training/04_iti/imt_sdk_win_64/winavr/bin/../lib/gcc/avr/4.3.3/../../../../avr/lib/avr5\libc.a(ultoa_invert.o)
 *(.data*)
 .data.KPD_U8KEYS
                0x00800070       0x10 ./HAL/keypad/keypad.o
                0x00800070                KPD_U8KEYS
 .data.KPD_U8ROW_PINS
                0x00800080        0x4 ./HAL/keypad/keypad.o
                0x00800080                KPD_U8ROW_PINS
 .data.KPD_U8COL_PINS
                0x00800084        0x4 ./HAL/keypad/keypad.o
                0x00800084                KPD_U8COL_PINS
 .data.arr_number
                0x00800088        0xa ./HAL/7 segment/7_segment.o
                0x00800088                arr_number
 .data.xNextTaskUnblockTime
                0x00800092        0x2 ./FreeRTOSFiles/tasks.o
 *(.rodata)
 *(.rodata*)
 *(.gnu.linkonce.d*)
                0x00800094                . = ALIGN (0x2)
                0x00800094                _edata = .
                0x00800094                PROVIDE (__data_end, .)

.bss            0x00800094      0x309
                0x00800094                PROVIDE (__bss_start, .)
 *(.bss)
 .bss           0x00800094        0x0 e:/iti training/04_iti/imt_sdk_win_64/winavr/bin/../lib/gcc/avr/4.3.3/../../../../avr/lib/avr5/crtm32.o
 .bss           0x00800094        0x0 ./MCAL/UART/UART.o
 .bss           0x00800094        0x0 ./MCAL/Timer1/timer1.o
 .bss           0x00800094        0x0 ./MCAL/Timer0/timer0.o
 .bss           0x00800094        0x0 ./MCAL/GIE/GIE.o
 .bss           0x00800094        0x0 ./MCAL/External interrupt/external_interrupt.o
 .bss           0x00800094        0x0 ./MCAL/DIO/DIO.o
 .bss           0x00800094        0x0 ./MCAL/ADC/adc.o
 .bss           0x00800094        0x0 ./HAL/stepper/stepper.o
 .bss           0x00800094        0x0 ./HAL/keypad/keypad.o
 .bss           0x00800094        0x0 ./HAL/Servo/servo.o
 .bss           0x00800094        0x0 ./HAL/LCD/lcd.o
 .bss           0x00800094        0x0 ./HAL/7 segment/7_segment.o
 .bss           0x00800094        0x0 ./FreeRTOSFiles/croutine.o
 .bss           0x00800094        0x0 ./FreeRTOSFiles/heap_1.o
 .bss           0x00800094        0x0 ./FreeRTOSFiles/list.o
 .bss           0x00800094        0x0 ./FreeRTOSFiles/port.o
 .bss           0x00800094        0x0 ./FreeRTOSFiles/queue.o
 .bss           0x00800094        0x0 ./FreeRTOSFiles/tasks.o
 .bss           0x00800094        0x0 ./FreeRTOSFiles/timers.o
 .bss           0x00800094        0x0 ./APP/APP.o
 .bss           0x00800094        0x0 e:/iti training/04_iti/imt_sdk_win_64/winavr/bin/../lib/gcc/avr/4.3.3/avr5\libgcc.a(_divmodhi4.o)
 .bss           0x00800094        0x0 e:/iti training/04_iti/imt_sdk_win_64/winavr/bin/../lib/gcc/avr/4.3.3/avr5\libgcc.a(_exit.o)
 .bss           0x00800094        0x0 e:/iti training/04_iti/imt_sdk_win_64/winavr/bin/../lib/gcc/avr/4.3.3/avr5\libgcc.a(_copy_data.o)
 .bss           0x00800094        0x0 e:/iti training/04_iti/imt_sdk_win_64/winavr/bin/../lib/gcc/avr/4.3.3/avr5\libgcc.a(_clear_bss.o)
 .bss           0x00800094        0x0 e:/iti training/04_iti/imt_sdk_win_64/winavr/bin/../lib/gcc/avr/4.3.3/avr5\libgcc.a(_fixunssfsi.o)
 .bss           0x00800094        0x0 e:/iti training/04_iti/imt_sdk_win_64/winavr/bin/../lib/gcc/avr/4.3.3/avr5\libgcc.a(_addsub_sf.o)
 .bss           0x00800094        0x0 e:/iti training/04_iti/imt_sdk_win_64/winavr/bin/../lib/gcc/avr/4.3.3/avr5\libgcc.a(_mul_sf.o)
 .bss           0x00800094        0x0 e:/iti training/04_iti/imt_sdk_win_64/winavr/bin/../lib/gcc/avr/4.3.3/avr5\libgcc.a(_gt_sf.o)
 .bss           0x00800094        0x0 e:/iti training/04_iti/imt_sdk_win_64/winavr/bin/../lib/gcc/avr/4.3.3/avr5\libgcc.a(_ge_sf.o)
 .bss           0x00800094        0x0 e:/iti training/04_iti/imt_sdk_win_64/winavr/bin/../lib/gcc/avr/4.3.3/avr5\libgcc.a(_lt_sf.o)
 .bss           0x00800094        0x0 e:/iti training/04_iti/imt_sdk_win_64/winavr/bin/../lib/gcc/avr/4.3.3/avr5\libgcc.a(_sf_to_si.o)
 .bss           0x00800094        0x0 e:/iti training/04_iti/imt_sdk_win_64/winavr/bin/../lib/gcc/avr/4.3.3/avr5\libgcc.a(_thenan_sf.o)
 .bss           0x00800094        0x0 e:/iti training/04_iti/imt_sdk_win_64/winavr/bin/../lib/gcc/avr/4.3.3/avr5\libgcc.a(_udivmodhi4.o)
 .bss           0x00800094        0x0 e:/iti training/04_iti/imt_sdk_win_64/winavr/bin/../lib/gcc/avr/4.3.3/avr5\libgcc.a(_prologue.o)
 .bss           0x00800094        0x0 e:/iti training/04_iti/imt_sdk_win_64/winavr/bin/../lib/gcc/avr/4.3.3/avr5\libgcc.a(_epilogue.o)
 .bss           0x00800094        0x0 e:/iti training/04_iti/imt_sdk_win_64/winavr/bin/../lib/gcc/avr/4.3.3/avr5\libgcc.a(_pack_sf.o)
 .bss           0x00800094        0x0 e:/iti training/04_iti/imt_sdk_win_64/winavr/bin/../lib/gcc/avr/4.3.3/avr5\libgcc.a(_unpack_sf.o)
 .bss           0x00800094        0x0 e:/iti training/04_iti/imt_sdk_win_64/winavr/bin/../lib/gcc/avr/4.3.3/avr5\libgcc.a(_fpcmp_parts_sf.o)
 .bss           0x00800094        0x0 e:/iti training/04_iti/imt_sdk_win_64/winavr/bin/../lib/gcc/avr/4.3.3/../../../../avr/lib/avr5\libc.a(memcpy.o)
 .bss           0x00800094        0x0 e:/iti training/04_iti/imt_sdk_win_64/winavr/bin/../lib/gcc/avr/4.3.3/../../../../avr/lib/avr5\libc.a(memset.o)
 .bss           0x00800094        0x0 e:/iti training/04_iti/imt_sdk_win_64/winavr/bin/../lib/gcc/avr/4.3.3/../../../../avr/lib/avr5\libc.a(strncpy.o)
 .bss           0x00800094        0x0 e:/iti training/04_iti/imt_sdk_win_64/winavr/bin/../lib/gcc/avr/4.3.3/../../../../avr/lib/avr5\libc.a(sprintf.o)
 .bss           0x00800094        0x0 e:/iti training/04_iti/imt_sdk_win_64/winavr/bin/../lib/gcc/avr/4.3.3/../../../../avr/lib/avr5\libc.a(vfprintf_std.o)
 .bss           0x00800094        0x0 e:/iti training/04_iti/imt_sdk_win_64/winavr/bin/../lib/gcc/avr/4.3.3/../../../../avr/lib/avr5\libc.a(strnlen_P.o)
 .bss           0x00800094        0x0 e:/iti training/04_iti/imt_sdk_win_64/winavr/bin/../lib/gcc/avr/4.3.3/../../../../avr/lib/avr5\libc.a(strnlen.o)
 .bss           0x00800094        0x0 e:/iti training/04_iti/imt_sdk_win_64/winavr/bin/../lib/gcc/avr/4.3.3/../../../../avr/lib/avr5\libc.a(fputc.o)
 .bss           0x00800094        0x0 e:/iti training/04_iti/imt_sdk_win_64/winavr/bin/../lib/gcc/avr/4.3.3/../../../../avr/lib/avr5\libc.a(ultoa_invert.o)
 *(.bss*)
 .bss.TIMER1_PFICU
                0x00800094        0x2 ./MCAL/Timer1/timer1.o
 .bss.Global_u16Time_ms
                0x00800096        0x2 ./MCAL/Timer0/timer0.o
                0x00800096                Global_u16Time_ms
 .bss.Local_u16CtrOVF.1308
                0x00800098        0x2 ./MCAL/Timer0/timer0.o
 .bss.Local_u16CtrCTC.1353
                0x0080009a        0x2 ./MCAL/Timer0/timer0.o
 .bss.TIMER0_PF_OVF
                0x0080009c        0x2 ./MCAL/Timer0/timer0.o
 .bss.TIMER0_PF_CTC
                0x0080009e        0x2 ./MCAL/Timer0/timer0.o
 .bss.EXTI_PVidTemp
                0x008000a0        0x6 ./MCAL/External interrupt/external_interrupt.o
                0x008000a0                EXTI_PVidTemp
 .bss.pxCurrentCoRoutine
                0x008000a6        0x2 ./FreeRTOSFiles/croutine.o
                0x008000a6                pxCurrentCoRoutine
 .bss.uxTopCoRoutineReadyPriority
                0x008000a8        0x1 ./FreeRTOSFiles/croutine.o
 .bss.xCoRoutineTickCount
                0x008000a9        0x2 ./FreeRTOSFiles/croutine.o
 .bss.xLastTickCount
                0x008000ab        0x2 ./FreeRTOSFiles/croutine.o
 .bss.xPassedTicks
                0x008000ad        0x2 ./FreeRTOSFiles/croutine.o
 .bss.pxReadyCoRoutineLists
                0x008000af       0x12 ./FreeRTOSFiles/croutine.o
 .bss.xDelayedCoRoutineList1
                0x008000c1        0x9 ./FreeRTOSFiles/croutine.o
 .bss.xDelayedCoRoutineList2
                0x008000ca        0x9 ./FreeRTOSFiles/croutine.o
 .bss.pxDelayedCoRoutineList
                0x008000d3        0x2 ./FreeRTOSFiles/croutine.o
 .bss.pxOverflowDelayedCoRoutineList
                0x008000d5        0x2 ./FreeRTOSFiles/croutine.o
 .bss.xPendingReadyCoRoutineList
                0x008000d7        0x9 ./FreeRTOSFiles/croutine.o
 .bss.xNextFreeByte
                0x008000e0        0x2 ./FreeRTOSFiles/heap_1.o
 .bss.xHeap     0x008000e2      0x258 ./FreeRTOSFiles/heap_1.o
 .bss.pxCurrentTCB
                0x0080033a        0x2 ./FreeRTOSFiles/tasks.o
                0x0080033a                pxCurrentTCB
 .bss.uxTasksDeleted
                0x0080033c        0x1 ./FreeRTOSFiles/tasks.o
 .bss.uxCurrentNumberOfTasks
                0x0080033d        0x1 ./FreeRTOSFiles/tasks.o
 .bss.xTickCount
                0x0080033e        0x2 ./FreeRTOSFiles/tasks.o
 .bss.uxTopUsedPriority
                0x00800340        0x1 ./FreeRTOSFiles/tasks.o
 .bss.uxTopReadyPriority
                0x00800341        0x1 ./FreeRTOSFiles/tasks.o
 .bss.xSchedulerRunning
                0x00800342        0x1 ./FreeRTOSFiles/tasks.o
 .bss.uxSchedulerSuspended
                0x00800343        0x1 ./FreeRTOSFiles/tasks.o
 .bss.uxMissedTicks
                0x00800344        0x1 ./FreeRTOSFiles/tasks.o
 .bss.xMissedYield
                0x00800345        0x1 ./FreeRTOSFiles/tasks.o
 .bss.xNumOfOverflows
                0x00800346        0x1 ./FreeRTOSFiles/tasks.o
 .bss.uxTaskNumber
                0x00800347        0x1 ./FreeRTOSFiles/tasks.o
 .bss.pxReadyTasksLists
                0x00800348       0x2d ./FreeRTOSFiles/tasks.o
 .bss.xDelayedTaskList1
                0x00800375        0x9 ./FreeRTOSFiles/tasks.o
 .bss.xDelayedTaskList2
                0x0080037e        0x9 ./FreeRTOSFiles/tasks.o
 .bss.pxDelayedTaskList
                0x00800387        0x2 ./FreeRTOSFiles/tasks.o
 .bss.pxOverflowDelayedTaskList
                0x00800389        0x2 ./FreeRTOSFiles/tasks.o
 .bss.xPendingReadyList
                0x0080038b        0x9 ./FreeRTOSFiles/tasks.o
 .bss.xTasksWaitingTermination
                0x00800394        0x9 ./FreeRTOSFiles/tasks.o
 *(COMMON)
                0x0080039d                PROVIDE (__bss_end, .)
                0x00005e86                __data_load_start = LOADADDR (.data)
                0x00005eba                __data_load_end = (__data_load_start + SIZEOF (.data))

.noinit         0x0080039d        0x0
                0x0080039d                PROVIDE (__noinit_start, .)
 *(.noinit*)
                0x0080039d                PROVIDE (__noinit_end, .)
                0x0080039d                _end = .
                0x0080039d                PROVIDE (__heap_start, .)

.eeprom         0x00810000        0x0
 *(.eeprom*)
                0x00810000                __eeprom_end = .

.fuse
 *(.fuse)
 *(.lfuse)
 *(.hfuse)
 *(.efuse)

.lock
 *(.lock*)

.signature
 *(.signature*)

.stab           0x00000000     0x7a10
 *(.stab)
 .stab          0x00000000      0x534 ./MCAL/UART/UART.o
 .stab          0x00000534      0x48c ./MCAL/Timer1/timer1.o
                                0x648 (size before relaxing)
 .stab          0x000009c0      0x4bc ./MCAL/Timer0/timer0.o
                                0x684 (size before relaxing)
 .stab          0x00000e7c      0x174 ./MCAL/GIE/GIE.o
                                0x330 (size before relaxing)
 .stab          0x00000ff0      0x33c ./MCAL/External interrupt/external_interrupt.o
                                0x558 (size before relaxing)
 .stab          0x0000132c      0x528 ./MCAL/DIO/DIO.o
                                0x6e4 (size before relaxing)
 .stab          0x00001854      0x2b8 ./MCAL/ADC/adc.o
                                0x474 (size before relaxing)
 .stab          0x00001b0c      0x858 ./HAL/stepper/stepper.o
                                0xa14 (size before relaxing)
 .stab          0x00002364      0x414 ./HAL/keypad/keypad.o
                                0x5d0 (size before relaxing)
 .stab          0x00002778      0x270 ./HAL/Servo/servo.o
                                0x438 (size before relaxing)
 .stab          0x000029e8      0xa5c ./HAL/LCD/lcd.o
                                0xc0c (size before relaxing)
 .stab          0x00003444      0x204 ./HAL/7 segment/7_segment.o
                                0x3c0 (size before relaxing)
 .stab          0x00003648      0x984 ./FreeRTOSFiles/croutine.o
                                0xb40 (size before relaxing)
 .stab          0x00003fcc      0x354 ./FreeRTOSFiles/heap_1.o
                                0x624 (size before relaxing)
 .stab          0x00004320      0x474 ./FreeRTOSFiles/list.o
                                0x750 (size before relaxing)
 .stab          0x00004794      0x834 ./FreeRTOSFiles/port.o
                                0xb70 (size before relaxing)
 .stab          0x00004fc8      0xe94 ./FreeRTOSFiles/queue.o
                               0x11d0 (size before relaxing)
 .stab          0x00005e5c     0x1524 ./FreeRTOSFiles/tasks.o
                               0x17d0 (size before relaxing)
 .stab          0x00007380      0x1c8 ./FreeRTOSFiles/timers.o
                                0x4c8 (size before relaxing)
 .stab          0x00007548      0x4c8 ./APP/APP.o
                                0x6e4 (size before relaxing)

.stabstr        0x00000000     0x41c8
 *(.stabstr)
 .stabstr       0x00000000     0x41c8 ./MCAL/UART/UART.o

.stab.excl
 *(.stab.excl)

.stab.exclstr
 *(.stab.exclstr)

.stab.index
 *(.stab.index)

.stab.indexstr
 *(.stab.indexstr)

.comment
 *(.comment)

.debug
 *(.debug)

.line
 *(.line)

.debug_srcinfo
 *(.debug_srcinfo)

.debug_sfnames
 *(.debug_sfnames)

.debug_aranges  0x00000000      0x140
 *(.debug_aranges)
 .debug_aranges
                0x00000000       0x20 e:/iti training/04_iti/imt_sdk_win_64/winavr/bin/../lib/gcc/avr/4.3.3/avr5\libgcc.a(_fixunssfsi.o)
 .debug_aranges
                0x00000020       0x20 e:/iti training/04_iti/imt_sdk_win_64/winavr/bin/../lib/gcc/avr/4.3.3/avr5\libgcc.a(_addsub_sf.o)
 .debug_aranges
                0x00000040       0x20 e:/iti training/04_iti/imt_sdk_win_64/winavr/bin/../lib/gcc/avr/4.3.3/avr5\libgcc.a(_mul_sf.o)
 .debug_aranges
                0x00000060       0x20 e:/iti training/04_iti/imt_sdk_win_64/winavr/bin/../lib/gcc/avr/4.3.3/avr5\libgcc.a(_gt_sf.o)
 .debug_aranges
                0x00000080       0x20 e:/iti training/04_iti/imt_sdk_win_64/winavr/bin/../lib/gcc/avr/4.3.3/avr5\libgcc.a(_ge_sf.o)
 .debug_aranges
                0x000000a0       0x20 e:/iti training/04_iti/imt_sdk_win_64/winavr/bin/../lib/gcc/avr/4.3.3/avr5\libgcc.a(_lt_sf.o)
 .debug_aranges
                0x000000c0       0x20 e:/iti training/04_iti/imt_sdk_win_64/winavr/bin/../lib/gcc/avr/4.3.3/avr5\libgcc.a(_sf_to_si.o)
 .debug_aranges
                0x000000e0       0x20 e:/iti training/04_iti/imt_sdk_win_64/winavr/bin/../lib/gcc/avr/4.3.3/avr5\libgcc.a(_pack_sf.o)
 .debug_aranges
                0x00000100       0x20 e:/iti training/04_iti/imt_sdk_win_64/winavr/bin/../lib/gcc/avr/4.3.3/avr5\libgcc.a(_unpack_sf.o)
 .debug_aranges
                0x00000120       0x20 e:/iti training/04_iti/imt_sdk_win_64/winavr/bin/../lib/gcc/avr/4.3.3/avr5\libgcc.a(_fpcmp_parts_sf.o)

.debug_pubnames
                0x00000000      0x170
 *(.debug_pubnames)
 .debug_pubnames
                0x00000000       0x23 e:/iti training/04_iti/imt_sdk_win_64/winavr/bin/../lib/gcc/avr/4.3.3/avr5\libgcc.a(_fixunssfsi.o)
 .debug_pubnames
                0x00000023       0x2c e:/iti training/04_iti/imt_sdk_win_64/winavr/bin/../lib/gcc/avr/4.3.3/avr5\libgcc.a(_addsub_sf.o)
 .debug_pubnames
                0x0000004f       0x1f e:/iti training/04_iti/imt_sdk_win_64/winavr/bin/../lib/gcc/avr/4.3.3/avr5\libgcc.a(_mul_sf.o)
 .debug_pubnames
                0x0000006e       0x1e e:/iti training/04_iti/imt_sdk_win_64/winavr/bin/../lib/gcc/avr/4.3.3/avr5\libgcc.a(_gt_sf.o)
 .debug_pubnames
                0x0000008c       0x1e e:/iti training/04_iti/imt_sdk_win_64/winavr/bin/../lib/gcc/avr/4.3.3/avr5\libgcc.a(_ge_sf.o)
 .debug_pubnames
                0x000000aa       0x1e e:/iti training/04_iti/imt_sdk_win_64/winavr/bin/../lib/gcc/avr/4.3.3/avr5\libgcc.a(_lt_sf.o)
 .debug_pubnames
                0x000000c8       0x20 e:/iti training/04_iti/imt_sdk_win_64/winavr/bin/../lib/gcc/avr/4.3.3/avr5\libgcc.a(_sf_to_si.o)
 .debug_pubnames
                0x000000e8       0x22 e:/iti training/04_iti/imt_sdk_win_64/winavr/bin/../lib/gcc/avr/4.3.3/avr5\libgcc.a(_thenan_sf.o)
 .debug_pubnames
                0x0000010a       0x1f e:/iti training/04_iti/imt_sdk_win_64/winavr/bin/../lib/gcc/avr/4.3.3/avr5\libgcc.a(_pack_sf.o)
 .debug_pubnames
                0x00000129       0x21 e:/iti training/04_iti/imt_sdk_win_64/winavr/bin/../lib/gcc/avr/4.3.3/avr5\libgcc.a(_unpack_sf.o)
 .debug_pubnames
                0x0000014a       0x26 e:/iti training/04_iti/imt_sdk_win_64/winavr/bin/../lib/gcc/avr/4.3.3/avr5\libgcc.a(_fpcmp_parts_sf.o)

.debug_info     0x00000000     0x1c49
 *(.debug_info)
 .debug_info    0x00000000       0xb1 e:/iti training/04_iti/imt_sdk_win_64/winavr/bin/../lib/gcc/avr/4.3.3/avr5\libgcc.a(_fixunssfsi.o)
 .debug_info    0x000000b1      0x47a e:/iti training/04_iti/imt_sdk_win_64/winavr/bin/../lib/gcc/avr/4.3.3/avr5\libgcc.a(_addsub_sf.o)
 .debug_info    0x0000052b      0x485 e:/iti training/04_iti/imt_sdk_win_64/winavr/bin/../lib/gcc/avr/4.3.3/avr5\libgcc.a(_mul_sf.o)
 .debug_info    0x000009b0      0x27f e:/iti training/04_iti/imt_sdk_win_64/winavr/bin/../lib/gcc/avr/4.3.3/avr5\libgcc.a(_gt_sf.o)
 .debug_info    0x00000c2f      0x27f e:/iti training/04_iti/imt_sdk_win_64/winavr/bin/../lib/gcc/avr/4.3.3/avr5\libgcc.a(_ge_sf.o)
 .debug_info    0x00000eae      0x27f e:/iti training/04_iti/imt_sdk_win_64/winavr/bin/../lib/gcc/avr/4.3.3/avr5\libgcc.a(_lt_sf.o)
 .debug_info    0x0000112d      0x2b0 e:/iti training/04_iti/imt_sdk_win_64/winavr/bin/../lib/gcc/avr/4.3.3/avr5\libgcc.a(_sf_to_si.o)
 .debug_info    0x000013dd      0x12c e:/iti training/04_iti/imt_sdk_win_64/winavr/bin/../lib/gcc/avr/4.3.3/avr5\libgcc.a(_thenan_sf.o)
 .debug_info    0x00001509      0x2df e:/iti training/04_iti/imt_sdk_win_64/winavr/bin/../lib/gcc/avr/4.3.3/avr5\libgcc.a(_pack_sf.o)
 .debug_info    0x000017e8      0x251 e:/iti training/04_iti/imt_sdk_win_64/winavr/bin/../lib/gcc/avr/4.3.3/avr5\libgcc.a(_unpack_sf.o)
 .debug_info    0x00001a39      0x210 e:/iti training/04_iti/imt_sdk_win_64/winavr/bin/../lib/gcc/avr/4.3.3/avr5\libgcc.a(_fpcmp_parts_sf.o)
 *(.gnu.linkonce.wi.*)

.debug_abbrev   0x00000000      0xeeb
 *(.debug_abbrev)
 .debug_abbrev  0x00000000       0x5d e:/iti training/04_iti/imt_sdk_win_64/winavr/bin/../lib/gcc/avr/4.3.3/avr5\libgcc.a(_fixunssfsi.o)
 .debug_abbrev  0x0000005d      0x1ea e:/iti training/04_iti/imt_sdk_win_64/winavr/bin/../lib/gcc/avr/4.3.3/avr5\libgcc.a(_addsub_sf.o)
 .debug_abbrev  0x00000247      0x21b e:/iti training/04_iti/imt_sdk_win_64/winavr/bin/../lib/gcc/avr/4.3.3/avr5\libgcc.a(_mul_sf.o)
 .debug_abbrev  0x00000462      0x15a e:/iti training/04_iti/imt_sdk_win_64/winavr/bin/../lib/gcc/avr/4.3.3/avr5\libgcc.a(_gt_sf.o)
 .debug_abbrev  0x000005bc      0x15a e:/iti training/04_iti/imt_sdk_win_64/winavr/bin/../lib/gcc/avr/4.3.3/avr5\libgcc.a(_ge_sf.o)
 .debug_abbrev  0x00000716      0x15a e:/iti training/04_iti/imt_sdk_win_64/winavr/bin/../lib/gcc/avr/4.3.3/avr5\libgcc.a(_lt_sf.o)
 .debug_abbrev  0x00000870      0x17f e:/iti training/04_iti/imt_sdk_win_64/winavr/bin/../lib/gcc/avr/4.3.3/avr5\libgcc.a(_sf_to_si.o)
 .debug_abbrev  0x000009ef       0xad e:/iti training/04_iti/imt_sdk_win_64/winavr/bin/../lib/gcc/avr/4.3.3/avr5\libgcc.a(_thenan_sf.o)
 .debug_abbrev  0x00000a9c      0x1c0 e:/iti training/04_iti/imt_sdk_win_64/winavr/bin/../lib/gcc/avr/4.3.3/avr5\libgcc.a(_pack_sf.o)
 .debug_abbrev  0x00000c5c      0x154 e:/iti training/04_iti/imt_sdk_win_64/winavr/bin/../lib/gcc/avr/4.3.3/avr5\libgcc.a(_unpack_sf.o)
 .debug_abbrev  0x00000db0      0x13b e:/iti training/04_iti/imt_sdk_win_64/winavr/bin/../lib/gcc/avr/4.3.3/avr5\libgcc.a(_fpcmp_parts_sf.o)

.debug_line     0x00000000      0xdad
 *(.debug_line)
 .debug_line    0x00000000       0xa7 e:/iti training/04_iti/imt_sdk_win_64/winavr/bin/../lib/gcc/avr/4.3.3/avr5\libgcc.a(_fixunssfsi.o)
 .debug_line    0x000000a7      0x2af e:/iti training/04_iti/imt_sdk_win_64/winavr/bin/../lib/gcc/avr/4.3.3/avr5\libgcc.a(_addsub_sf.o)
 .debug_line    0x00000356      0x239 e:/iti training/04_iti/imt_sdk_win_64/winavr/bin/../lib/gcc/avr/4.3.3/avr5\libgcc.a(_mul_sf.o)
 .debug_line    0x0000058f       0xd3 e:/iti training/04_iti/imt_sdk_win_64/winavr/bin/../lib/gcc/avr/4.3.3/avr5\libgcc.a(_gt_sf.o)
 .debug_line    0x00000662       0xd3 e:/iti training/04_iti/imt_sdk_win_64/winavr/bin/../lib/gcc/avr/4.3.3/avr5\libgcc.a(_ge_sf.o)
 .debug_line    0x00000735       0xd3 e:/iti training/04_iti/imt_sdk_win_64/winavr/bin/../lib/gcc/avr/4.3.3/avr5\libgcc.a(_lt_sf.o)
 .debug_line    0x00000808      0x109 e:/iti training/04_iti/imt_sdk_win_64/winavr/bin/../lib/gcc/avr/4.3.3/avr5\libgcc.a(_sf_to_si.o)
 .debug_line    0x00000911       0x90 e:/iti training/04_iti/imt_sdk_win_64/winavr/bin/../lib/gcc/avr/4.3.3/avr5\libgcc.a(_thenan_sf.o)
 .debug_line    0x000009a1      0x18a e:/iti training/04_iti/imt_sdk_win_64/winavr/bin/../lib/gcc/avr/4.3.3/avr5\libgcc.a(_pack_sf.o)
 .debug_line    0x00000b2b      0x14b e:/iti training/04_iti/imt_sdk_win_64/winavr/bin/../lib/gcc/avr/4.3.3/avr5\libgcc.a(_unpack_sf.o)
 .debug_line    0x00000c76      0x137 e:/iti training/04_iti/imt_sdk_win_64/winavr/bin/../lib/gcc/avr/4.3.3/avr5\libgcc.a(_fpcmp_parts_sf.o)

.debug_frame    0x00000000      0x160
 *(.debug_frame)
 .debug_frame   0x00000000       0x20 e:/iti training/04_iti/imt_sdk_win_64/winavr/bin/../lib/gcc/avr/4.3.3/avr5\libgcc.a(_fixunssfsi.o)
 .debug_frame   0x00000020       0x40 e:/iti training/04_iti/imt_sdk_win_64/winavr/bin/../lib/gcc/avr/4.3.3/avr5\libgcc.a(_addsub_sf.o)
 .debug_frame   0x00000060       0x20 e:/iti training/04_iti/imt_sdk_win_64/winavr/bin/../lib/gcc/avr/4.3.3/avr5\libgcc.a(_mul_sf.o)
 .debug_frame   0x00000080       0x20 e:/iti training/04_iti/imt_sdk_win_64/winavr/bin/../lib/gcc/avr/4.3.3/avr5\libgcc.a(_gt_sf.o)
 .debug_frame   0x000000a0       0x20 e:/iti training/04_iti/imt_sdk_win_64/winavr/bin/../lib/gcc/avr/4.3.3/avr5\libgcc.a(_ge_sf.o)
 .debug_frame   0x000000c0       0x20 e:/iti training/04_iti/imt_sdk_win_64/winavr/bin/../lib/gcc/avr/4.3.3/avr5\libgcc.a(_lt_sf.o)
 .debug_frame   0x000000e0       0x20 e:/iti training/04_iti/imt_sdk_win_64/winavr/bin/../lib/gcc/avr/4.3.3/avr5\libgcc.a(_sf_to_si.o)
 .debug_frame   0x00000100       0x20 e:/iti training/04_iti/imt_sdk_win_64/winavr/bin/../lib/gcc/avr/4.3.3/avr5\libgcc.a(_pack_sf.o)
 .debug_frame   0x00000120       0x20 e:/iti training/04_iti/imt_sdk_win_64/winavr/bin/../lib/gcc/avr/4.3.3/avr5\libgcc.a(_unpack_sf.o)
 .debug_frame   0x00000140       0x20 e:/iti training/04_iti/imt_sdk_win_64/winavr/bin/../lib/gcc/avr/4.3.3/avr5\libgcc.a(_fpcmp_parts_sf.o)

.debug_str      0x00000000      0x28d
 *(.debug_str)
 .debug_str     0x00000000       0xbf e:/iti training/04_iti/imt_sdk_win_64/winavr/bin/../lib/gcc/avr/4.3.3/avr5\libgcc.a(_fixunssfsi.o)
                                 0xfe (size before relaxing)
 .debug_str     0x000000bf      0x14d e:/iti training/04_iti/imt_sdk_win_64/winavr/bin/../lib/gcc/avr/4.3.3/avr5\libgcc.a(_addsub_sf.o)
                                0x206 (size before relaxing)
 .debug_str     0x0000020c       0x27 e:/iti training/04_iti/imt_sdk_win_64/winavr/bin/../lib/gcc/avr/4.3.3/avr5\libgcc.a(_mul_sf.o)
                                0x1bf (size before relaxing)
 .debug_str     0x00000233        0xf e:/iti training/04_iti/imt_sdk_win_64/winavr/bin/../lib/gcc/avr/4.3.3/avr5\libgcc.a(_gt_sf.o)
                                0x195 (size before relaxing)
 .debug_str     0x00000242        0x8 e:/iti training/04_iti/imt_sdk_win_64/winavr/bin/../lib/gcc/avr/4.3.3/avr5\libgcc.a(_ge_sf.o)
                                0x195 (size before relaxing)
 .debug_str     0x0000024a        0x8 e:/iti training/04_iti/imt_sdk_win_64/winavr/bin/../lib/gcc/avr/4.3.3/avr5\libgcc.a(_lt_sf.o)
                                0x195 (size before relaxing)
 .debug_str     0x00000252        0xa e:/iti training/04_iti/imt_sdk_win_64/winavr/bin/../lib/gcc/avr/4.3.3/avr5\libgcc.a(_sf_to_si.o)
                                0x19e (size before relaxing)
 .debug_str     0x00000000      0x103 e:/iti training/04_iti/imt_sdk_win_64/winavr/bin/../lib/gcc/avr/4.3.3/avr5\libgcc.a(_thenan_sf.o)
 .debug_str     0x0000025c       0x16 e:/iti training/04_iti/imt_sdk_win_64/winavr/bin/../lib/gcc/avr/4.3.3/avr5\libgcc.a(_pack_sf.o)
                                0x19d (size before relaxing)
 .debug_str     0x00000272        0xb e:/iti training/04_iti/imt_sdk_win_64/winavr/bin/../lib/gcc/avr/4.3.3/avr5\libgcc.a(_unpack_sf.o)
                                0x17f (size before relaxing)
 .debug_str     0x0000027d       0x10 e:/iti training/04_iti/imt_sdk_win_64/winavr/bin/../lib/gcc/avr/4.3.3/avr5\libgcc.a(_fpcmp_parts_sf.o)
                                0x163 (size before relaxing)

.debug_loc      0x00000000      0x7ce
 *(.debug_loc)
 .debug_loc     0x00000000       0x34 e:/iti training/04_iti/imt_sdk_win_64/winavr/bin/../lib/gcc/avr/4.3.3/avr5\libgcc.a(_fixunssfsi.o)
 .debug_loc     0x00000034      0x32a e:/iti training/04_iti/imt_sdk_win_64/winavr/bin/../lib/gcc/avr/4.3.3/avr5\libgcc.a(_addsub_sf.o)
 .debug_loc     0x0000035e      0x104 e:/iti training/04_iti/imt_sdk_win_64/winavr/bin/../lib/gcc/avr/4.3.3/avr5\libgcc.a(_mul_sf.o)
 .debug_loc     0x00000462       0x3c e:/iti training/04_iti/imt_sdk_win_64/winavr/bin/../lib/gcc/avr/4.3.3/avr5\libgcc.a(_gt_sf.o)
 .debug_loc     0x0000049e       0x3c e:/iti training/04_iti/imt_sdk_win_64/winavr/bin/../lib/gcc/avr/4.3.3/avr5\libgcc.a(_ge_sf.o)
 .debug_loc     0x000004da       0x3c e:/iti training/04_iti/imt_sdk_win_64/winavr/bin/../lib/gcc/avr/4.3.3/avr5\libgcc.a(_lt_sf.o)
 .debug_loc     0x00000516       0x7e e:/iti training/04_iti/imt_sdk_win_64/winavr/bin/../lib/gcc/avr/4.3.3/avr5\libgcc.a(_sf_to_si.o)
 .debug_loc     0x00000594      0x13e e:/iti training/04_iti/imt_sdk_win_64/winavr/bin/../lib/gcc/avr/4.3.3/avr5\libgcc.a(_pack_sf.o)
 .debug_loc     0x000006d2       0xac e:/iti training/04_iti/imt_sdk_win_64/winavr/bin/../lib/gcc/avr/4.3.3/avr5\libgcc.a(_unpack_sf.o)
 .debug_loc     0x0000077e       0x50 e:/iti training/04_iti/imt_sdk_win_64/winavr/bin/../lib/gcc/avr/4.3.3/avr5\libgcc.a(_fpcmp_parts_sf.o)

.debug_macinfo
 *(.debug_macinfo)
OUTPUT(my_project.elf elf32-avr)
LOAD linker stubs

.debug_ranges   0x00000000       0x50
 .debug_ranges  0x00000000       0x50 e:/iti training/04_iti/imt_sdk_win_64/winavr/bin/../lib/gcc/avr/4.3.3/avr5\libgcc.a(_mul_sf.o)
